<html>
<body>
<pre>
<h1>µVision Build Log</h1>
<h2>Tool Versions:</h2>
IDE-Version: µVision V5.20.0.39
Copyright (C) 2016 ARM Ltd and ARM Germany GmbH. All rights reserved.
License Information: a a, a, LIC=ATTGK-ZPQ0Q-2L2CT-RQFEI-B5KIH-B4T8E
 
Tool Versions:
Toolchain:       MDK-ARM Plus  Version: 5.15.0
Toolchain Path:  C:\Keil_arm_v5\ARM\ARMCC\Bin
C Compiler:      Armcc.exe V5.05 update 2 (build 169)
Assembler:       Armasm.exe V5.05 update 2 (build 169)
Linker/Locator:  ArmLink.exe V5.05 update 2 (build 169)
Library Manager: ArmAr.exe V5.05 update 2 (build 169)
Hex Converter:   FromElf.exe V5.05 update 2 (build 169)
CPU DLL:         SARMCM3.DLL V5.15.0
Dialog DLL:      DCM.DLL V1.13.2.0
Target DLL:      STLink\ST-LINKIII-KEIL_SWO.dll V2.0.15.0_KEIL
Dialog DLL:      TCM.DLL V1.14.5.0
 
<h2>Project:</h2>
C:\Users\oem1\Desktop\arm_JK_GG\ARM_JK_GG\INT_TEST\MDK-ARM\INT_TEST.uvprojx
Project File Date:  01/13/2023

<h2>Output:</h2>
*** Using Compiler 'V5.05 update 2 (build 169)', folder: 'C:\Keil_arm_v5\ARM\ARMCC\Bin'
Build target 'INT_TEST'
compiling main.c...
linking...
Program Size: Code=3258 RO-data=386 RW-data=16 ZI-data=1632  
FromELF: creating hex file...
"INT_TEST\INT_TEST.axf" - 0 Error(s), 0 Warning(s).

<h2>Software Packages used:</h2>

Package Vendor: ARM
                http://www.keil.com/pack/ARM.CMSIS.5.0.0-Beta12.pack
                ARM::CMSIS:CORE:5.0.0
                CMSIS (Cortex Microcontroller Software Interface Standard)
   * Component: CORE Version: 5.0.0

<h2>Collection of Component include folders:</h2>
  C:\Users\oem1\Desktop\arm_JK_GG\ARM_JK_GG\INT_TEST\MDK-ARM\RTE
  C:\Keil_arm_v5\ARM\PACK\ARM\CMSIS\5.0.0-Beta12\CMSIS\Include
  C:\Keil_arm_v5\ARM\PACK\Keil\STM32F1xx_DFP\2.1.0\Device\Include

<h2>Collection of Component Files used:</h2>

   * Component: ARM::CMSIS:CORE:5.0.0
Build Time Elapsed:  00:00:03
</pre>
</body>
</html>
